// Jest Snapshot v1, https://goo.gl/fbAQLP

exports[`should render ExpensesSummary correctly with 1 expense 1`] = `
<div>
  <p>
    No expenses to view
  </p>
</div>
`;
